\BOOKMARK [1][-]{section.1}{\376\377\137\025\212\000}{}% 1
\BOOKMARK [2][-]{subsection.1.1}{\376\377\170\024\172\166\200\314\146\157}{section.1}% 2
\BOOKMARK [2][-]{subsection.1.2}{\376\377\225\356\230\230\221\315\217\360}{section.1}% 3
\BOOKMARK [2][-]{subsection.1.3}{\376\377\147\054\145\207\135\345\117\134}{section.1}% 4
\BOOKMARK [1][-]{section.2}{\376\377\152\041\127\213\120\107\213\276}{}% 5
\BOOKMARK [1][-]{section.3}{\376\377\173\046\123\367\213\364\146\016}{}% 6
\BOOKMARK [1][-]{section.4}{\376\377\152\041\127\213\136\372\172\313\116\016\154\102\211\343}{}% 7
\BOOKMARK [2][-]{subsection.4.1}{\376\377\152\041\127\213\116\000\377\032\131\052\172\172\165\065\150\257\217\320\122\233\116\016\145\366\225\364\176\277\122\006\147\220}{section.4}% 8
\BOOKMARK [3][-]{subsubsection.4.1.1}{\376\377\225\356\230\230\147\204\136\372\116\016\136\372\152\041\140\035\215\357}{subsection.4.1}% 9
\BOOKMARK [3][-]{subsubsection.4.1.2}{\376\377\174\373\176\337\147\266\147\204\116\016\217\320\122\233\152\041\127\213}{subsection.4.1}% 10
\BOOKMARK [3][-]{subsubsection.4.1.3}{\376\377\217\320\204\045\176\246\147\137\116\016\147\011\145\110\217\320\122\233}{subsection.4.1}% 11
\BOOKMARK [3][-]{subsubsection.4.1.4}{\376\377\145\366\225\364\176\277\116\016\142\020\147\054\230\204\155\113}{subsection.4.1}% 12
\BOOKMARK [3][-]{subsubsection.4.1.5}{\376\377\152\041\127\213\116\000\176\323\147\234\134\017\176\323}{subsection.4.1}% 13
\BOOKMARK [2][-]{subsection.4.2}{\376\377\152\041\127\213\116\214\377\032\117\040\176\337\160\153\173\255\123\321\134\004\177\121\176\334\122\006\147\220}{section.4}% 14
\BOOKMARK [3][-]{subsubsection.4.2.1}{\376\377\225\356\230\230\147\204\136\372\116\016\177\121\176\334\176\323\147\204}{subsection.4.2}% 15
\BOOKMARK [3][-]{subsubsection.4.2.2}{\376\377\123\321\134\004\172\331\160\271\217\320\122\233\152\041\127\213}{subsection.4.2}% 16
\BOOKMARK [3][-]{subsubsection.4.2.3}{\376\377\131\061\215\045\163\207\116\016\147\011\145\110\217\320\122\233}{subsection.4.2}% 17
\BOOKMARK [3][-]{subsubsection.4.2.4}{\376\377\145\366\225\364\176\277\060\001\142\020\147\054\116\016\163\257\130\203\230\204\155\113}{subsection.4.2}% 18
\BOOKMARK [3][-]{subsubsection.4.2.5}{\376\377\152\041\127\213\116\214\176\323\147\234\134\017\176\323}{subsection.4.2}% 19
\BOOKMARK [2][-]{subsection.4.3}{\376\377\152\041\127\213\116\011\377\032\155\367\124\010\217\320\217\223\117\030\123\026}{section.4}% 20
\BOOKMARK [3][-]{subsubsection.4.3.1}{\376\377\225\356\230\230\147\204\136\372\116\016\117\030\123\026\166\356\150\007}{subsection.4.3}% 21
\BOOKMARK [3][-]{subsubsection.4.3.2}{\376\377\217\320\122\233\153\324\117\213\122\006\221\115\173\126\165\145}{subsection.4.3}% 22
\BOOKMARK [3][-]{subsubsection.4.3.3}{\376\377\117\030\123\026\145\366\225\364\176\277\116\016\215\104\156\220\221\115\177\156}{subsection.4.3}% 23
\BOOKMARK [3][-]{subsubsection.4.3.4}{\376\377\142\020\147\054\116\016\163\257\130\203\122\006\147\220}{subsection.4.3}% 24
\BOOKMARK [3][-]{subsubsection.4.3.5}{\376\377\152\041\127\213\116\011\176\323\147\234\134\017\176\323}{subsection.4.3}% 25
\BOOKMARK [2][-]{subsection.4.4}{\376\377\152\041\127\213\126\333\377\032\174\373\176\337\123\357\227\140\140\047\116\016\163\257\130\203\123\357\143\001\176\355\140\047}{section.4}% 26
\BOOKMARK [3][-]{subsubsection.4.4.1}{\376\377\227\136\133\214\177\216\147\141\116\366\116\013\166\204\123\357\227\140\140\047\122\006\147\220}{subsection.4.4}% 27
\BOOKMARK [3][-]{subsubsection.4.4.2}{\376\377\217\320\204\045\153\226\154\021\127\060\166\204\154\064\123\357\143\001\176\355\140\047}{subsection.4.4}% 28
\BOOKMARK [3][-]{subsubsection.4.4.3}{\376\377\163\257\130\203\137\161\124\315\213\304\117\060}{subsection.4.4}% 29
\BOOKMARK [1][-]{section.5}{\376\377\145\117\141\037\140\047\122\006\147\220}{}% 30
\BOOKMARK [2][-]{subsection.5.1}{\376\377\145\105\226\234\163\207\145\117\141\037\140\047\122\006\147\220}{section.5}% 31
\BOOKMARK [2][-]{subsection.5.2}{\376\377\142\020\147\054\123\302\145\160\145\117\141\037\140\047\122\006\147\220}{section.5}% 32
\BOOKMARK [2][-]{subsection.5.3}{\376\377\176\374\124\010\234\201\150\322\140\047\213\304\117\060}{section.5}% 33
\BOOKMARK [1][-]{section.6}{\376\377\152\041\127\213\213\304\116\367}{}% 34
\BOOKMARK [2][-]{subsection.6.1}{\376\377\152\041\127\213\117\030\160\271}{section.6}% 35
\BOOKMARK [2][-]{subsection.6.2}{\376\377\152\041\127\213\134\100\226\120}{section.6}% 36
\BOOKMARK [2][-]{subsection.6.3}{\376\377\152\041\127\213\145\071\217\333\145\271\124\021}{section.6}% 37
\BOOKMARK [1][-]{section.7}{\376\377\176\323\213\272}{}% 38
\BOOKMARK [1][-]{section*.5}{\376\377\201\364\000M\000C\000M\147\072\147\204\166\204\136\372\213\256\117\341}{}% 39
\BOOKMARK [1][-]{section*.7}{\376\377\000A\000I\117\177\165\050\142\245\124\112}{}% 40
